// Jest Snapshot v1, https://jestjs.io/docs/snapshot-testing

exports[`Pruebas FirstApp debe ser match con el snapshot  1`] = `
<div>
  <h1>
    titulo desde prueba
     
  </h1>
  <p>
     
  </p>
</div>
`;
